
Allocating common symbols
Common symbol       size              file

mt_int_level        0x4               obj/irq.o
mt_last_task        0x4               obj/kernel.o
mt_fpu_task         0x4               obj/kernel.o
mt_curr_task        0x4               obj/kernel.o
mt_ticks            0x8               obj/kernel.o

Discarded input sections

 .note.GNU-stack
                0x0000000000000000        0x0 obj/kernel.o
 .note.GNU-stack
                0x0000000000000000        0x0 obj/gdt_idt.o
 .note.GNU-stack
                0x0000000000000000        0x0 obj/irq.o
 .note.GNU-stack
                0x0000000000000000        0x0 obj/string.o
 .note.GNU-stack
                0x0000000000000000        0x0 obj/sprintf.o
 .note.GNU-stack
                0x0000000000000000        0x0 obj/malloc.o
 .note.GNU-stack
                0x0000000000000000        0x0 obj/cons.o
 .note.GNU-stack
                0x0000000000000000        0x0 obj/timer.o
 .note.GNU-stack
                0x0000000000000000        0x0 obj/queue.o
 .note.GNU-stack
                0x0000000000000000        0x0 obj/math.o
 .note.GNU-stack
                0x0000000000000000        0x0 obj/sem.o
 .note.GNU-stack
                0x0000000000000000        0x0 obj/mutex.o
 .note.GNU-stack
                0x0000000000000000        0x0 obj/monitor.o
 .note.GNU-stack
                0x0000000000000000        0x0 obj/pipe.o
 .note.GNU-stack
                0x0000000000000000        0x0 obj/msgqueue.o
 .note.GNU-stack
                0x0000000000000000        0x0 obj/rand.o
 .note.GNU-stack
                0x0000000000000000        0x0 obj/filo.o
 .note.GNU-stack
                0x0000000000000000        0x0 obj/sfilo.o
 .note.GNU-stack
                0x0000000000000000        0x0 obj/xfilo.o
 .note.GNU-stack
                0x0000000000000000        0x0 obj/keyboard.o
 .note.GNU-stack
                0x0000000000000000        0x0 obj/printk.o
 .note.GNU-stack
                0x0000000000000000        0x0 obj/getline.o
 .note.GNU-stack
                0x0000000000000000        0x0 obj/shell.o
 .note.GNU-stack
                0x0000000000000000        0x0 obj/split.o
 .note.GNU-stack
                0x0000000000000000        0x0 obj/setkb.o
 .note.GNU-stack
                0x0000000000000000        0x0 obj/camino.o
 .note.GNU-stack
                0x0000000000000000        0x0 obj/camino_ns.o
 .note.GNU-stack
                0x0000000000000000        0x0 obj/atoi.o
 .note.GNU-stack
                0x0000000000000000        0x0 obj/prodcons.o
 .note.GNU-stack
                0x0000000000000000        0x0 obj/afilo.o
 .note.GNU-stack
                0x0000000000000000        0x0 obj/divz.o
 .note.GNU-stack
                0x0000000000000000        0x0 obj/disk.o
 .note.GNU-stack
                0x0000000000000000        0x0 obj/chkdsk.o

Memory Configuration

Name             Origin             Length             Attributes
*default*        0x0000000000000000 0xffffffffffffffff

Linker script and memory map

Address of section .text-segment set to 0x100000
LOAD obj/kstart.o
LOAD obj/libasm.o
LOAD obj/interrupts.o
LOAD obj/kernel.o
LOAD obj/gdt_idt.o
LOAD obj/irq.o
LOAD obj/string.o
LOAD obj/sprintf.o
LOAD obj/malloc.o
LOAD obj/cons.o
LOAD obj/io.o
LOAD obj/timer.o
LOAD obj/queue.o
LOAD obj/math.o
LOAD obj/sem.o
LOAD obj/mutex.o
LOAD obj/monitor.o
LOAD obj/pipe.o
LOAD obj/msgqueue.o
LOAD obj/rand.o
LOAD obj/filo.o
LOAD obj/sfilo.o
LOAD obj/xfilo.o
LOAD obj/keyboard.o
LOAD obj/printk.o
LOAD obj/getline.o
LOAD obj/shell.o
LOAD obj/split.o
LOAD obj/setkb.o
LOAD obj/camino.o
LOAD obj/camino_ns.o
LOAD obj/atoi.o
LOAD obj/prodcons.o
LOAD obj/afilo.o
LOAD obj/divz.o
LOAD obj/disk.o
LOAD obj/chkdsk.o
                0x0000000000100000                PROVIDE (__executable_start, 0x100000)
                0x00000000001000b4                . = (0x100000 + SIZEOF_HEADERS)

.interp
 *(.interp)

.note.gnu.build-id
                0x00000000001000b4       0x24
 *(.note.gnu.build-id)
 .note.gnu.build-id
                0x00000000001000b4       0x24 obj/kstart.o

.hash
 *(.hash)

.gnu.hash
 *(.gnu.hash)

.dynsym
 *(.dynsym)

.dynstr
 *(.dynstr)

.gnu.version
 *(.gnu.version)

.gnu.version_d
 *(.gnu.version_d)

.gnu.version_r
 *(.gnu.version_r)

.rel.dyn        0x00000000001000d8        0x0
 *(.rel.init)
 *(.rel.text .rel.text.* .rel.gnu.linkonce.t.*)
 .rel.text      0x0000000000000000        0x0 obj/kstart.o
 *(.rel.fini)
 *(.rel.rodata .rel.rodata.* .rel.gnu.linkonce.r.*)
 *(.rel.data.rel.ro* .rel.gnu.linkonce.d.rel.ro.*)
 *(.rel.data .rel.data.* .rel.gnu.linkonce.d.*)
 .rel.data      0x0000000000000000        0x0 obj/kstart.o
 *(.rel.tdata .rel.tdata.* .rel.gnu.linkonce.td.*)
 *(.rel.tbss .rel.tbss.* .rel.gnu.linkonce.tb.*)
 *(.rel.ctors)
 *(.rel.dtors)
 *(.rel.got)
 *(.rel.bss .rel.bss.* .rel.gnu.linkonce.b.*)
 *(.rel.ifunc)

.rel.plt        0x00000000001000d8        0x0
 *(.rel.plt)
                0x00000000001000d8                PROVIDE (__rel_iplt_start, .)
 *(.rel.iplt)
 .rel.iplt      0x0000000000000000        0x0 obj/kstart.o
                0x00000000001000d8                PROVIDE (__rel_iplt_end, .)

.init
 *(.init)

.plt            0x00000000001000d8        0x0
 *(.plt)
 *(.iplt)
 .iplt          0x0000000000000000        0x0 obj/kstart.o

.text           0x00000000001000e0     0x91db
 *(.text.unlikely .text.*_unlikely)
 *(.text .stub .text.* .gnu.linkonce.t.*)
 .text          0x00000000001000e0       0x1d obj/kstart.o
                0x00000000001000ec                _start
 *fill*         0x00000000001000fd        0x3 90909090
 .text          0x0000000000100100       0x82 obj/libasm.o
                0x0000000000100100                mt_load_gdt
                0x0000000000100132                mt_load_idt
                0x000000000010013a                mt_context_switch
                0x000000000010015b                mt_sti
                0x000000000010015d                mt_cli
                0x000000000010015f                mt_finit
                0x0000000000100163                mt_fsave
                0x000000000010016b                mt_frstor
                0x0000000000100173                mt_stts
                0x000000000010017f                mt_clts
 *fill*         0x0000000000100182        0xe 90909090
 .text          0x0000000000100190      0x392 obj/interrupts.o
                0x0000000000100190                mt_int_stubs
 *fill*         0x0000000000100522        0x2 90909090
 .text          0x0000000000100524      0xdee obj/kernel.o
                0x0000000000100524                Malloc
                0x0000000000100578                StrDup
                0x00000000001005dc                Free
                0x00000000001006ad                CreateTask
                0x00000000001007a2                DeleteTask
                0x000000000010086d                CurrentTask
                0x0000000000100877                Panic
                0x00000000001008b2                Pause
                0x00000000001008c7                Yield
                0x00000000001008dc                Delay
                0x000000000010094b                Exit
                0x0000000000100960                Suspend
                0x0000000000100994                Ready
                0x00000000001009be                GetPriority
                0x00000000001009c9                SetPriority
                0x0000000000100a2a                SetData
                0x0000000000100a45                SetSwitcher
                0x0000000000100a5f                CreateQueue
                0x0000000000100a89                DeleteQueue
                0x0000000000100abc                WaitQueue
                0x0000000000100ad7                WaitQueueTimed
                0x0000000000100b55                SignalQueue
                0x0000000000100b9d                FlushQueue
                0x0000000000100beb                Send
                0x0000000000100c14                SendCond
                0x0000000000100c3d                SendTimed
                0x0000000000100d87                Receive
                0x0000000000100db0                ReceiveCond
                0x0000000000100dd9                ReceiveTimed
                0x0000000000100fa4                mt_select_task
                0x000000000010115d                Atomic
                0x0000000000101170                Unatomic
                0x00000000001011a8                DisableInts
                0x00000000001011cc                RestoreInts
                0x00000000001011ff                mt_main
 *fill*         0x0000000000101312        0x2 90909090
 .text          0x0000000000101314      0x10b obj/gdt_idt.o
                0x000000000010140d                mt_setup_gdt_idt
 *fill*         0x000000000010141f        0x1 90909090
 .text          0x0000000000101420      0x38a obj/irq.o
                0x00000000001015c2                mt_int_handler
                0x0000000000101613                mt_setup_interrupts
                0x0000000000101662                mt_set_int_handler
                0x0000000000101681                mt_set_exception_handler
                0x00000000001016a0                mt_disable_irq
                0x0000000000101723                mt_enable_irq
 *fill*         0x00000000001017aa        0x2 90909090
 .text          0x00000000001017ac      0x379 obj/string.o
                0x00000000001017ac                strcpy
                0x00000000001017df                strncpy
                0x0000000000101821                strcat
                0x0000000000101866                strncat
                0x00000000001018b4                strcmp
                0x00000000001018f1                strncmp
                0x000000000010193b                strchr
                0x0000000000101972                strrchr
                0x00000000001019ab                strlen
                0x00000000001019db                strnlen
                0x0000000000101a0d                memcpy
                0x0000000000101a52                memmove
                0x0000000000101ac2                memchr
                0x0000000000101b00                memset
 *fill*         0x0000000000101b25        0x3 90909090
 .text          0x0000000000101b28     0x152d obj/sprintf.o
                0x0000000000101e18                ecvtbuf
                0x0000000000101e5b                fcvtbuf
                0x0000000000102b0f                vsprintf
                0x0000000000103028                sprintf
 *fill*         0x0000000000103055        0x3 90909090
 .text          0x0000000000103058      0x1fa obj/malloc.o
                0x0000000000103058                free
                0x0000000000103172                malloc
 *fill*         0x0000000000103252        0x2 90909090
 .text          0x0000000000103254      0x551 obj/cons.o
                0x00000000001033e8                mt_cons_clear
                0x000000000010342f                mt_cons_clreol
                0x0000000000103494                mt_cons_clreom
                0x00000000001034e8                mt_cons_nrows
                0x00000000001034f2                mt_cons_ncols
                0x00000000001034fc                mt_cons_nscrolls
                0x0000000000103506                mt_cons_getxy
                0x0000000000103521                mt_cons_gotoxy
                0x000000000010354a                mt_cons_setattr
                0x000000000010356c                mt_cons_getattr
                0x0000000000103595                mt_cons_cursor
                0x000000000010362d                mt_cons_putc
                0x00000000001036a1                mt_cons_puts
                0x00000000001036ca                mt_cons_cr
                0x00000000001036e1                mt_cons_nl
                0x000000000010370c                mt_cons_tab
                0x0000000000103745                mt_cons_bs
                0x000000000010378a                mt_cons_raw
 *fill*         0x00000000001037a5        0xb 90909090
 .text          0x00000000001037b0       0x3d obj/io.o
                0x00000000001037b0                inb
                0x00000000001037bb                outb
                0x00000000001037c8                inw
                0x00000000001037dc                outw
 *fill*         0x00000000001037ed        0x3 90909090
 .text          0x00000000001037f0       0x69 obj/timer.o
                0x00000000001037f0                mt_setup_timer
 *fill*         0x0000000000103859        0x3 90909090
 .text          0x000000000010385c      0x3fa obj/queue.o
                0x000000000010385c                mt_enqueue
                0x0000000000103942                mt_dequeue
                0x00000000001039ca                mt_peeklast
                0x00000000001039d5                mt_getlast
                0x0000000000103a45                mt_enqueue_time
                0x0000000000103b43                mt_dequeue_time
                0x0000000000103be0                mt_peekfirst_time
                0x0000000000103bea                mt_getfirst_time
 *fill*         0x0000000000103c56        0x2 90909090
 .text          0x0000000000103c58       0x95 obj/math.o
                0x0000000000103cd1                mt_setup_math
 *fill*         0x0000000000103ced        0x3 90909090
 .text          0x0000000000103cf0      0x147 obj/sem.o
                0x0000000000103cf0                CreateSem
                0x0000000000103d23                DeleteSem
                0x0000000000103d44                WaitSem
                0x0000000000103d5f                WaitSemCond
                0x0000000000103d7a                WaitSemTimed
                0x0000000000103dcc                SignalSem
                0x0000000000103dfd                ValueSem
                0x0000000000103e07                FlushSem
 *fill*         0x0000000000103e37        0x1 90909090
 .text          0x0000000000103e38      0x140 obj/mutex.o
                0x0000000000103e38                CreateMutex
                0x0000000000103e6b                DeleteMutex
                0x0000000000103e8c                EnterMutex
                0x0000000000103ea7                EnterMutexCond
                0x0000000000103ec2                EnterMutexTimed
                0x0000000000103f27                LeaveMutex
 .text          0x0000000000103f78      0x259 obj/monitor.o
                0x0000000000103f78                CreateMonitor
                0x0000000000103fab                DeleteMonitor
                0x0000000000103fcc                EnterMonitor
                0x0000000000103fe7                EnterMonitorCond
                0x0000000000104002                EnterMonitorTimed
                0x0000000000104054                LeaveMonitor
                0x000000000010408d                CreateCondition
                0x00000000001040c0                DeleteCondition
                0x00000000001040e1                WaitCondition
                0x00000000001040fc                WaitConditionTimed
                0x0000000000104165                SignalCondition
                0x0000000000104197                BroadcastCondition
 *fill*         0x00000000001041d1        0x3 90909090
 .text          0x00000000001041d4      0x3f6 obj/pipe.o
                0x00000000001041d4                CreatePipe
                0x00000000001042bd                DeletePipe
                0x0000000000104307                GetPipe
                0x0000000000104330                GetPipeCond
                0x0000000000104359                GetPipeTimed
                0x000000000010445d                PutPipe
                0x0000000000104486                PutPipeCond
                0x00000000001044af                PutPipeTimed
                0x00000000001045bf                AvailPipe
 *fill*         0x00000000001045ca        0x2 90909090
 .text          0x00000000001045cc      0x417 obj/msgqueue.o
                0x00000000001046e0                CreateMsgQueue
                0x000000000010480c                DeleteMsgQueue
                0x0000000000104877                GetMsgQueue
                0x0000000000104899                GetMsgQueueCond
                0x00000000001048bb                GetMsgQueueTimed
                0x0000000000104920                PutMsgQueue
                0x0000000000104942                PutMsgQueueCond
                0x0000000000104964                PutMsgQueueTimed
                0x00000000001049cd                AvailMsgQueue
 *fill*         0x00000000001049e3        0x1 90909090
 .text          0x00000000001049e4       0xb3 obj/rand.o
                0x0000000000104a76                rand
                0x0000000000104a8a                srand
 *fill*         0x0000000000104a97        0x1 90909090
 .text          0x0000000000104a98      0x5c8 obj/filo.o
                0x0000000000104ea3                phil_main
 .text          0x0000000000105060      0x550 obj/sfilo.o
                0x00000000001053fd                simple_phil_main
 .text          0x00000000001055b0      0x624 obj/xfilo.o
                0x0000000000105a09                extra_phil_main
 .text          0x0000000000105bd4      0x575 obj/keyboard.o
                0x0000000000105fb1                mt_kbd_getch_timed
                0x0000000000105fdd                mt_kbd_getch
                0x0000000000106002                mt_kbd_init
                0x00000000001060d4                mt_kbd_getlayout
                0x00000000001060de                mt_kbd_setlayout
                0x000000000010613f                mt_kbd_layouts
 *fill*         0x0000000000106149        0x3 90909090
 .text          0x000000000010614c       0xfa obj/printk.o
                0x000000000010614c                vprintk
                0x00000000001061c0                printk
                0x00000000001061e6                cprintk
 *fill*         0x0000000000106246        0x2 90909090
 .text          0x0000000000106248      0x133 obj/getline.o
                0x0000000000106248                mt_getline
 *fill*         0x000000000010637b        0x1 90909090
 .text          0x000000000010637c      0x277 obj/shell.o
                0x000000000010637c                shell_main
 *fill*         0x00000000001065f3        0x1 90909090
 .text          0x00000000001065f4      0x336 obj/split.o
                0x0000000000106649                setfs
                0x0000000000106671                split
                0x0000000000106816                separate
 *fill*         0x000000000010692a        0x2 90909090
 .text          0x000000000010692c       0xee obj/setkb.o
                0x000000000010692c                setkb_main
 *fill*         0x0000000000106a1a        0x2 90909090
 .text          0x0000000000106a1c      0x92f obj/camino.o
                0x00000000001071ae                camino_main
 *fill*         0x000000000010734b        0x1 90909090
 .text          0x000000000010734c      0xacd obj/camino_ns.o
                0x0000000000107ca0                camino_ns_main
 *fill*         0x0000000000107e19        0x3 90909090
 .text          0x0000000000107e1c       0xa8 obj/atoi.o
                0x0000000000107e1c                atoi
 .text          0x0000000000107ec4      0x4d3 obj/prodcons.o
                0x000000000010814f                prodcons_main
 *fill*         0x0000000000108397        0x1 90909090
 .text          0x0000000000108398      0x5b4 obj/afilo.o
                0x00000000001087c4                atomic_phil_main
 .text          0x000000000010894c       0xf5 obj/divz.o
                0x000000000010898a                divz_main
 *fill*         0x0000000000108a41        0x3 90909090
 .text          0x0000000000108a44      0x7b1 obj/disk.o
                0x0000000000108a44                ata_normalize
                0x0000000000108a93                ata_read
                0x0000000000108bca                _read
                0x0000000000108c6b                translateBytes
                0x0000000000108c95                ata_write
                0x0000000000108dcf                _write
                0x0000000000108ea7                writeDataToRegister
                0x0000000000108f04                getDataRegister
                0x0000000000108f4c                getErrorRegister
                0x0000000000108f6a                sendComm
                0x0000000000109037                ata_getStatusRegister
                0x0000000000109055                identifyDevice
                0x0000000000109089                ata_checkDrive
 *fill*         0x00000000001091f5        0x3 90909090
 .text          0x00000000001091f8       0xc3 obj/chkdsk.o
                0x00000000001091f8                chkdsk_main
 *(.gnu.warning)

.fini
 *(.fini)
                0x00000000001092bb                PROVIDE (__etext, .)
                0x00000000001092bb                PROVIDE (_etext, .)
                0x00000000001092bb                PROVIDE (etext, .)

.rodata         0x00000000001092c0      0xaa7
 *(.rodata .rodata.* .gnu.linkonce.r.*)
 .rodata        0x00000000001092c0       0xd8 obj/kernel.o
 .rodata        0x0000000000109398       0x55 obj/irq.o
 *fill*         0x00000000001093ed        0x3 00
 .rodata        0x00000000001093f0      0x188 obj/sprintf.o
 .rodata        0x0000000000109578       0x29 obj/mutex.o
 *fill*         0x00000000001095a1        0x3 00
 .rodata        0x00000000001095a4       0xff obj/monitor.o
 .rodata        0x00000000001096a3        0xe obj/pipe.o
 *fill*         0x00000000001096b1        0x3 00
 .rodata        0x00000000001096b4       0x2f obj/msgqueue.o
 *fill*         0x00000000001096e3        0x1 00
 .rodata        0x00000000001096e4       0x4e obj/filo.o
 *fill*         0x0000000000109732        0x2 00
 .rodata        0x0000000000109734       0x4e obj/sfilo.o
 *fill*         0x0000000000109782        0x2 00
 .rodata        0x0000000000109784       0x4e obj/xfilo.o
 .rodata        0x00000000001097d2       0x2e obj/keyboard.o
 .rodata        0x0000000000109800        0xf obj/getline.o
 .rodata        0x000000000010980f       0xc2 obj/shell.o
 .rodata        0x00000000001098d1        0x1 obj/split.o
 *fill*         0x00000000001098d2        0x2 00
 .rodata        0x00000000001098d4       0x62 obj/setkb.o
 *fill*         0x0000000000109936        0x2 00
 .rodata        0x0000000000109938       0x88 obj/camino.o
 .rodata        0x00000000001099c0       0xa0 obj/camino_ns.o
 .rodata        0x0000000000109a60      0x116 obj/prodcons.o
 *fill*         0x0000000000109b76        0x2 00
 .rodata        0x0000000000109b78       0x4e obj/afilo.o
 *fill*         0x0000000000109bc6        0x2 00
 .rodata        0x0000000000109bc8       0x6b obj/divz.o
 *fill*         0x0000000000109c33        0x1 00
 .rodata        0x0000000000109c34       0xf2 obj/disk.o
 .rodata        0x0000000000109d26       0x41 obj/chkdsk.o

.rodata1
 *(.rodata1)

.eh_frame_hdr
 *(.eh_frame_hdr)

.eh_frame
 *(.eh_frame)

.gcc_except_table
 *(.gcc_except_table .gcc_except_table.*)
                0x0000000000109d67                . = (ALIGN (0x1000) - ((0x1000 - .) & 0xfff))
                0x000000000010a000                . = (0x1000 DATA_SEGMENT_ALIGN 0x1000)

.eh_frame
 *(.eh_frame)

.gcc_except_table
 *(.gcc_except_table .gcc_except_table.*)

.tdata
 *(.tdata .tdata.* .gnu.linkonce.td.*)

.tbss
 *(.tbss .tbss.* .gnu.linkonce.tb.*)
 *(.tcommon)

.preinit_array  0x000000000010a000        0x0
                0x000000000010a000                PROVIDE (__preinit_array_start, .)
 *(.preinit_array)
                0x000000000010a000                PROVIDE (__preinit_array_end, .)

.init_array     0x000000000010a000        0x0
                0x000000000010a000                PROVIDE (__init_array_start, .)
 *(SORT(.init_array.*))
 *(.init_array)
                0x000000000010a000                PROVIDE (__init_array_end, .)

.fini_array     0x000000000010a000        0x0
                0x000000000010a000                PROVIDE (__fini_array_start, .)
 *(.fini_array)
 *(SORT(.fini_array.*))
                0x000000000010a000                PROVIDE (__fini_array_end, .)

.ctors
 *crtbegin.o(.ctors)
 *crtbegin?.o(.ctors)
 *(EXCLUDE_FILE(*crtend?.o *crtend.o) .ctors)
 *(SORT(.ctors.*))
 *(.ctors)

.dtors
 *crtbegin.o(.dtors)
 *crtbegin?.o(.dtors)
 *(EXCLUDE_FILE(*crtend?.o *crtend.o) .dtors)
 *(SORT(.dtors.*))
 *(.dtors)

.jcr
 *(.jcr)

.data.rel.ro
 *(.data.rel.ro.local* .gnu.linkonce.d.rel.ro.local.*)
 *(.data.rel.ro* .gnu.linkonce.d.rel.ro.*)

.dynamic
 *(.dynamic)

.got
 *(.got)
 *(.igot)
                0x000000000010a000                . = (. DATA_SEGMENT_RELRO_END 0xc)

.got.plt        0x000000000010a000        0x0
 *(.got.plt)
 *(.igot.plt)
 .igot.plt      0x0000000000000000        0x0 obj/kstart.o

.data           0x000000000010a000      0xe90
 *(.data .data.* .gnu.linkonce.d.*)
 .data          0x000000000010a000        0x0 obj/kernel.o
 .data          0x000000000010a000       0x18 obj/gdt_idt.o
 .data          0x000000000010a018        0x0 obj/irq.o
 .data          0x000000000010a018        0x0 obj/string.o
 .data          0x000000000010a018        0x8 obj/sprintf.o
 .data          0x000000000010a020        0x0 obj/malloc.o
 .data          0x000000000010a020        0xc obj/cons.o
 .data          0x000000000010a02c        0x0 obj/timer.o
 .data          0x000000000010a02c        0x0 obj/queue.o
 .data          0x000000000010a02c        0x0 obj/math.o
 .data          0x000000000010a02c        0x0 obj/sem.o
 .data          0x000000000010a02c        0x0 obj/mutex.o
 .data          0x000000000010a02c        0x0 obj/monitor.o
 .data          0x000000000010a02c        0x0 obj/pipe.o
 .data          0x000000000010a02c        0x0 obj/msgqueue.o
 .data          0x000000000010a02c        0x4 obj/rand.o
 *fill*         0x000000000010a030       0x10 00
 .data          0x000000000010a040       0x50 obj/filo.o
 *fill*         0x000000000010a090       0x10 00
 .data          0x000000000010a0a0       0x50 obj/sfilo.o
 *fill*         0x000000000010a0f0       0x10 00
 .data          0x000000000010a100       0x50 obj/xfilo.o
 *fill*         0x000000000010a150       0x10 00
 .data          0x000000000010a160      0xc20 obj/keyboard.o
                0x000000000010a160                keymap_us_std
                0x000000000010a760                keymap_spanish
 .data          0x000000000010ad80        0x0 obj/printk.o
 .data          0x000000000010ad80        0x0 obj/getline.o
 .data          0x000000000010ad80       0x60 obj/shell.o
 .data          0x000000000010ade0        0xc obj/split.o
 .data          0x000000000010adec        0x0 obj/setkb.o
 .data          0x000000000010adec        0x4 obj/camino.o
 .data          0x000000000010adf0        0x4 obj/camino_ns.o
 .data          0x000000000010adf4        0x0 obj/atoi.o
 *fill*         0x000000000010adf4        0xc 00
 .data          0x000000000010ae00       0x40 obj/prodcons.o
 .data          0x000000000010ae40       0x50 obj/afilo.o
 .data          0x000000000010ae90        0x0 obj/divz.o
 .data          0x000000000010ae90        0x0 obj/disk.o
 .data          0x000000000010ae90        0x0 obj/chkdsk.o

.data1
 *(.data1)
                0x000000000010ae90                _edata = .
                0x000000000010ae90                PROVIDE (edata, .)
                0x000000000010ae90                __bss_start = .

.bss            0x000000000010aea0   0x8085dc
 *(.dynbss)
 *(.bss .bss.* .gnu.linkonce.b.*)
 .bss           0x000000000010aea0     0x4000 obj/kstart.o
 .bss           0x000000000010eea0        0x6 obj/libasm.o
 *fill*         0x000000000010eea6        0x2 00
 .bss           0x000000000010eea8     0x4014 obj/interrupts.o
 *fill*         0x0000000000112ebc        0x4 00
 .bss           0x0000000000112ec0       0x7c obj/kernel.o
 *fill*         0x0000000000112f3c        0x4 00
 .bss           0x0000000000112f40      0x180 obj/gdt_idt.o
 .bss           0x00000000001130c0       0xc0 obj/irq.o
 .bss           0x0000000000113180        0x0 obj/string.o
 .bss           0x0000000000113180        0x0 obj/sprintf.o
 .bss           0x0000000000113180   0x800010 obj/malloc.o
 .bss           0x0000000000913190       0x10 obj/cons.o
 .bss           0x00000000009131a0        0x0 obj/timer.o
 .bss           0x00000000009131a0        0xc obj/queue.o
 .bss           0x00000000009131ac        0x0 obj/math.o
 .bss           0x00000000009131ac        0x0 obj/sem.o
 .bss           0x00000000009131ac        0x0 obj/mutex.o
 .bss           0x00000000009131ac        0x0 obj/monitor.o
 .bss           0x00000000009131ac        0x0 obj/pipe.o
 .bss           0x00000000009131ac        0x0 obj/msgqueue.o
 .bss           0x00000000009131ac        0x0 obj/rand.o
 .bss           0x00000000009131ac       0x2c obj/filo.o
 .bss           0x00000000009131d8       0x1c obj/sfilo.o
 .bss           0x00000000009131f4       0x40 obj/xfilo.o
 .bss           0x0000000000913234       0x48 obj/keyboard.o
 .bss           0x000000000091327c        0x0 obj/printk.o
 .bss           0x000000000091327c        0x0 obj/getline.o
 .bss           0x000000000091327c        0x0 obj/shell.o
 .bss           0x000000000091327c        0x0 obj/split.o
 .bss           0x000000000091327c        0x0 obj/setkb.o
 *fill*         0x000000000091327c        0x4 00
 .bss           0x0000000000913280       0x8c obj/camino.o
 *fill*         0x000000000091330c       0x14 00
 .bss           0x0000000000913320       0x88 obj/camino_ns.o
 .bss           0x00000000009133a8        0x0 obj/atoi.o
 *fill*         0x00000000009133a8       0x18 00
 .bss           0x00000000009133c0       0x64 obj/prodcons.o
 .bss           0x0000000000913424       0x3c obj/afilo.o
 .bss           0x0000000000913460        0x0 obj/divz.o
 .bss           0x0000000000913460        0x0 obj/disk.o
 .bss           0x0000000000913460        0x0 obj/chkdsk.o
 *(COMMON)
 COMMON         0x0000000000913460       0x18 obj/kernel.o
                0x0000000000913460                mt_last_task
                0x0000000000913464                mt_fpu_task
                0x0000000000913468                mt_curr_task
                0x0000000000913470                mt_ticks
 COMMON         0x0000000000913478        0x4 obj/irq.o
                0x0000000000913478                mt_int_level
                0x000000000091347c                . = ALIGN ((. != 0x0)?0x4:0x1)
                0x000000000091347c                . = ALIGN (0x4)
                0x000000000091347c                . = ALIGN (0x4)
                0x000000000091347c                _end = .
                0x000000000091347c                PROVIDE (end, .)
                0x000000000091347c                . = DATA_SEGMENT_END (.)

.stab
 *(.stab)

.stabstr
 *(.stabstr)

.stab.excl
 *(.stab.excl)

.stab.exclstr
 *(.stab.exclstr)

.stab.index
 *(.stab.index)

.stab.indexstr
 *(.stab.indexstr)

.comment        0x0000000000000000       0x25
 *(.comment)
 .comment       0x0000000000000000       0x25 obj/kernel.o
                                         0x26 (size before relaxing)
 .comment       0x0000000000000000       0x26 obj/gdt_idt.o
 .comment       0x0000000000000000       0x26 obj/irq.o
 .comment       0x0000000000000000       0x26 obj/string.o
 .comment       0x0000000000000000       0x26 obj/sprintf.o
 .comment       0x0000000000000000       0x26 obj/malloc.o
 .comment       0x0000000000000000       0x26 obj/cons.o
 .comment       0x0000000000000000       0x26 obj/timer.o
 .comment       0x0000000000000000       0x26 obj/queue.o
 .comment       0x0000000000000000       0x26 obj/math.o
 .comment       0x0000000000000000       0x26 obj/sem.o
 .comment       0x0000000000000000       0x26 obj/mutex.o
 .comment       0x0000000000000000       0x26 obj/monitor.o
 .comment       0x0000000000000000       0x26 obj/pipe.o
 .comment       0x0000000000000000       0x26 obj/msgqueue.o
 .comment       0x0000000000000000       0x26 obj/rand.o
 .comment       0x0000000000000000       0x26 obj/filo.o
 .comment       0x0000000000000000       0x26 obj/sfilo.o
 .comment       0x0000000000000000       0x26 obj/xfilo.o
 .comment       0x0000000000000000       0x26 obj/keyboard.o
 .comment       0x0000000000000000       0x26 obj/printk.o
 .comment       0x0000000000000000       0x26 obj/getline.o
 .comment       0x0000000000000000       0x26 obj/shell.o
 .comment       0x0000000000000000       0x26 obj/split.o
 .comment       0x0000000000000000       0x26 obj/setkb.o
 .comment       0x0000000000000000       0x26 obj/camino.o
 .comment       0x0000000000000000       0x26 obj/camino_ns.o
 .comment       0x0000000000000000       0x26 obj/atoi.o
 .comment       0x0000000000000000       0x26 obj/prodcons.o
 .comment       0x0000000000000000       0x26 obj/afilo.o
 .comment       0x0000000000000000       0x26 obj/divz.o
 .comment       0x0000000000000000       0x26 obj/disk.o
 .comment       0x0000000000000000       0x26 obj/chkdsk.o

.debug
 *(.debug)

.line
 *(.line)

.debug_srcinfo
 *(.debug_srcinfo)

.debug_sfnames
 *(.debug_sfnames)

.debug_aranges
 *(.debug_aranges)

.debug_pubnames
 *(.debug_pubnames)

.debug_info
 *(.debug_info .gnu.linkonce.wi.*)

.debug_abbrev
 *(.debug_abbrev)

.debug_line
 *(.debug_line)

.debug_frame
 *(.debug_frame)

.debug_str
 *(.debug_str)

.debug_loc
 *(.debug_loc)

.debug_macinfo
 *(.debug_macinfo)

.debug_weaknames
 *(.debug_weaknames)

.debug_funcnames
 *(.debug_funcnames)

.debug_typenames
 *(.debug_typenames)

.debug_varnames
 *(.debug_varnames)

.debug_pubtypes
 *(.debug_pubtypes)

.debug_ranges
 *(.debug_ranges)

.gnu.attributes
 *(.gnu.attributes)

/DISCARD/
 *(.note.GNU-stack)
 *(.gnu_debuglink)
 *(.gnu.lto_*)
OUTPUT(mtask elf32-i386)
